[debug] [2026-06-13T18:24:18.549Z] ----------------------------------------------------------------------
[debug] [2026-06-13T18:24:18.553Z] Command:       /usr/local/Cellar/node/24.10.0/bin/node /usr/local/bin/firebase projects:addfirebase data-concept-studio
[debug] [2026-06-13T18:24:18.553Z] CLI Version:   15.20.0
[debug] [2026-06-13T18:24:18.553Z] Platform:      darwin
[debug] [2026-06-13T18:24:18.554Z] Node Version:  v24.10.0
[debug] [2026-06-13T18:24:18.554Z] Time:          Sat Jun 13 2026 20:24:18 GMT+0200 (Central European Summer Time)
[debug] [2026-06-13T18:24:18.555Z] ----------------------------------------------------------------------
[debug] 
[debug] [2026-06-13T18:24:18.767Z] > command requires scopes: ["email","openid","https://www.googleapis.com/auth/cloudplatformprojects.readonly","https://www.googleapis.com/auth/firebase","https://www.googleapis.com/auth/cloud-platform"]
[debug] [2026-06-13T18:24:18.956Z] Running auto auth
[debug] [2026-06-13T18:24:18.960Z] No OAuth tokens found
[debug] [2026-06-13T18:24:18.961Z] >>> [apiv2][query] POST https://firebase.googleapis.com/v1beta1/projects/data-concept-studio:addFirebase [none]
[debug] [2026-06-13T18:24:19.362Z] <<< [apiv2][status] POST https://firebase.googleapis.com/v1beta1/projects/data-concept-studio:addFirebase 403
[debug] [2026-06-13T18:24:19.362Z] <<< [apiv2][body] POST https://firebase.googleapis.com/v1beta1/projects/data-concept-studio:addFirebase {"error":{"code":403,"message":"The caller does not have permission","status":"PERMISSION_DENIED"}}
[debug] [2026-06-13T18:24:19.363Z] Request to https://firebase.googleapis.com/v1beta1/projects/data-concept-studio:addFirebase had HTTP Error: 403, The caller does not have permission
[debug] [2026-06-13T18:24:19.365Z] FirebaseError: Request to https://firebase.googleapis.com/v1beta1/projects/data-concept-studio:addFirebase had HTTP Error: 403, The caller does not have permission
    at responseToError (/usr/local/lib/node_modules/firebase-tools/lib/responseToError.js:53:12)
    at RetryOperation._fn (/usr/local/lib/node_modules/firebase-tools/lib/apiv2.js:333:77)
    at process.processTicksAndRejections (node:internal/process/task_queues:105:5)
[error] 
[error] Error: Failed to add Firebase to Google Cloud Platform project. See firebase-debug.log for more info.
